filter {
    grok {
        match => { "message" => "test"}
    }
}